****************************************
Report : qor
Design : i2c_master_top
Version: V-2023.12
Date   : Fri May 10 17:58:28 2024
****************************************
Information: Timer using 'CRPR'. (TIM-050)


Scenario           'default'
Timing Path Group  'wb_clk_i'
----------------------------------------
Levels of Logic:                     29
Critical Path Length:              1.24
Critical Path Slack:               3.40
Critical Path Clk Period:          5.00
Total Negative Slack:              0.00
No. of Violating Paths:               0
Worst Hold Violation:             -0.00
Total Hold Violation:             -0.00
No. of Hold Violations:               1
----------------------------------------

Scenario           'default'
Timing Path Group  'INPUTS'
----------------------------------------
Levels of Logic:                      6
Critical Path Length:              1.72
Critical Path Slack:               2.92
Critical Path Clk Period:          5.00
Total Negative Slack:              0.00
No. of Violating Paths:               0
----------------------------------------

Scenario           'default'
Timing Path Group  'OUTPUTS'
----------------------------------------
Levels of Logic:                      0
Critical Path Length:              0.18
Critical Path Slack:               3.59
Critical Path Clk Period:          5.00
Total Negative Slack:              0.00
No. of Violating Paths:               0
----------------------------------------


Cell Count
----------------------------------------
Hierarchical Cell Count:              4
Hierarchical Port Count:            168
Leaf Cell Count:                    733
Buf/Inv Cell Count:                 240
Buf Cell Count:                     186
Inv Cell Count:                      54
Combinational Cell Count:           580
   Single-bit Isolation Cell Count:                        0
   Multi-bit Isolation Cell Count:                         0
   Isolation Cell Banking Ratio:                           0.00%
   Single-bit Level Shifter Cell Count:                    0
   Multi-bit Level Shifter Cell Count:                     0
   Level Shifter Cell Banking Ratio:                       0.00%
   Single-bit ELS Cell Count:                              0
   Multi-bit ELS Cell Count:                               0
   ELS Cell Banking Ratio:                                 0.00%
Sequential Cell Count:              153
   Integrated Clock-Gating Cell Count:                     0
   Sequential Macro Cell Count:                            0
   Single-bit Sequential Cell Count:                       153
   Multi-bit Sequential Cell Count:                        0
   Sequential Cell Banking Ratio:                          0.00%
   BitsPerflop:                                            1.00
Macro Count:                          0
----------------------------------------


Area
----------------------------------------
Combinational Area:             6218.04
Noncombinational Area:          4869.73
Buf/Inv Area:                   2880.92
Total Buffer Area:              2582.32
Total Inverter Area:             298.60
Macro/Black Box Area:              0.00
Net Area:                             0
Net XLength:                   12531.81
Net YLength:                   13792.99
----------------------------------------
Cell Area (netlist):                          11087.77
Cell Area (netlist and physical only):        11087.77
Net Length:                    26324.79


Design Rules
----------------------------------------
Total Number of Nets:               805
Nets with Violations:                 0
Max Trans Violations:                 0
Max Cap Violations:                   0
----------------------------------------

1
